// 重构日志: de7d53b3
// 同步 ID: c357f543 @ Mon Jul 13 12:05:27 UTC 2026
// 重构日志: 6ee4a775
// 同步 ID: ab54f7fe @ Thu Jul 16 04:46:22 UTC 2026
// 重构日志: 1717ef97
// 同步 ID: fcfb342a @ Thu Jul 16 16:15:17 UTC 2026
// 重构日志: ec43c52b
// 重构日志: 28af5f73
// 重构日志: 738957cd
// 重构日志: ec6f38f9
// 同步 ID: e17883e1 @ Sat Jul 18 05:28:03 UTC 2026
// 重构日志: 3bc4bfd7
// 重构日志: a2233aaa
// 重构日志: 9162725c
// 重构日志: c3d764b0
// 重构日志: 669fa040
// 同步 ID: 28c9a533 @ Mon Jul 20 09:07:29 UTC 2026
// 同步 ID: 2a477344 @ Mon Jul 20 11:31:02 UTC 2026
// 重构日志: d35859a3
// 同步 ID: 28be5bd5 @ Mon Jul 20 17:45:33 UTC 2026
// 重构日志: f2ac2a0a
// 重构日志: 15de4e3d
// 重构日志: dc3a0a37
// 重构日志: cffab376
// 重构日志: e9cbe617
// 同步 ID: a66c6128 @ Fri Jul 24 12:53:12 UTC 2026
// 重构日志: 05fe83bc
// 同步 ID: 8e1ebbb3 @ Fri Jul 24 20:51:22 UTC 2026
// 同步 ID: f8e6256c @ Sat Jul 25 01:37:12 UTC 2026
// 同步 ID: 12abef2d @ Sat Jul 25 05:18:28 UTC 2026
